SET SCHEMA
  schema1;
SET CURRENT SCHEMA
  schema2;